// Jest Snapshot v1, https://goo.gl/fbAQLP

exports[`<Main /> should render the heading 1`] = `
<main
  class="styles__Container-sc-dzx1ao-0 gvpDUx"
>
  <h1
    class="styles__Title-sc-dzx1ao-2 igfAWE"
  >
    NextJS Boilerplate
  </h1>
  <h2
    class="styles__Description-sc-dzx1ao-3 iXthtD"
  >
    TypeScript, ReactJS, NextJS e Styled Components
  </h2>
  <img
    alt="Um desenvolvedor de frente para uma tela com cÃ³digo."
    class="styles__Illustration-sc-dzx1ao-4 gqIRRS"
    src="/assets/hero-illustration.svg"
  />
</main>
`;
